// Jest Snapshot v1, https://goo.gl/fbAQLP

exports[`Work renders Works 1`] = `<Fragment />`;
